../Core/Src/stm32g4xx_hal_msp.c:64:6:HAL_MspInit	8	static
../Core/Src/stm32g4xx_hal_msp.c:92:6:HAL_ADC_MspInit	136	static
../Core/Src/stm32g4xx_hal_msp.c:193:6:HAL_ADC_MspDeInit	8	static
../Core/Src/stm32g4xx_hal_msp.c:248:6:HAL_DAC_MspInit	40	static
../Core/Src/stm32g4xx_hal_msp.c:282:6:HAL_DAC_MspDeInit	0	static
../Core/Src/stm32g4xx_hal_msp.c:311:6:HAL_UART_MspInit	120	static
../Core/Src/stm32g4xx_hal_msp.c:358:6:HAL_UART_MspDeInit	0	static
../Core/Src/stm32g4xx_hal_msp.c:387:6:HAL_SPI_MspInit	56	static
../Core/Src/stm32g4xx_hal_msp.c:457:6:HAL_SPI_MspDeInit	8	static
