../Core/Src/main.c:106:5:main	72	static
../Core/Src/main.c:242:6:SystemClock_Config	88	static
../Core/Src/main.c:295:13:MX_ADC1_Init	56	static
../Core/Src/main.c:363:13:MX_ADC2_Init	40	static
../Core/Src/main.c:422:13:MX_DAC1_Init	56	static
../Core/Src/main.c:476:13:MX_LPUART1_UART_Init	8	static
../Core/Src/main.c:523:13:MX_UART4_Init	8	static
../Core/Src/main.c:572:13:MX_RTC_Init	32	static
../Core/Src/main.c:638:13:MX_SPI2_Init	8	static
../Core/Src/main.c:678:13:MX_SPI3_Init	8	static
../Core/Src/main.c:718:13:MX_TIM3_Init	64	static
../Core/Src/main.c:775:13:MX_DMA_Init	16	static
../Core/Src/main.c:797:13:MX_GPIO_Init	48	static
../Core/Src/main.c:865:6:HAL_GPIO_EXTI_Callback	16	static
../Core/Src/main.c:874:6:HAL_UART_RxCpltCallback	16	static
../Core/Src/main.c:881:6:HAL_UART_ErrorCallback	16	static
../Core/Src/main.c:891:6:Error_Handler	4	static,ignoring_inline_asm
